[
  {
    "Text": "This is a single-line comment that should be skipped."
  },
  {
    "ID": "cue-1",
    "StartTime": 1000000000,
    "EndTime": 4000000000,
    "Settings": {
      "Vertical": "",
      "Line": "",
      "Position": "",
      "Size": "",
      "Align": "",
      "Region": ""
    },
    "Voices": [
      {
        "Speaker": "",
        "Text": "First actual cue."
      }
    ]
  },
  {
    "Text": "This is an inline comment."
  },
  {
    "ID": "cue-2",
    "StartTime": 5000000000,
    "EndTime": 8000000000,
    "Settings": {
      "Vertical": "",
      "Line": "",
      "Position": "",
      "Size": "",
      "Align": "",
      "Region": ""
    },
    "Voices": [
      {
        "Speaker": "",
        "Text": "Second cue after inline note."
      }
    ]
  },
  {
    "Text": "This is a multi-line comment.\nIt spans multiple lines.\nAll of this should be skipped."
  },
  {
    "ID": "cue-3",
    "StartTime": 9000000000,
    "EndTime": 12000000000,
    "Settings": {
      "Vertical": "",
      "Line": "",
      "Position": "",
      "Size": "",
      "Align": "",
      "Region": ""
    },
    "Voices": [
      {
        "Speaker": "",
        "Text": "Third cue after multi-line note."
      }
    ]
  }
]